2025-09-15T14:52:09.4524400Z ##[group]Run subosito/flutter-action@v2
2025-09-15T14:52:09.4524620Z with:
2025-09-15T14:52:09.4524770Z   flutter-version: 3.24.0
2025-09-15T14:52:09.4524920Z   channel: stable
2025-09-15T14:52:09.4525060Z   architecture: ARM64
2025-09-15T14:52:09.4525200Z   cache: false
2025-09-15T14:52:09.4525330Z   pub-cache-path: default
2025-09-15T14:52:09.4525470Z   dry-run: false
2025-09-15T14:52:09.4525650Z   git-source: https://github.com/flutter/flutter.git
2025-09-15T14:52:09.4525890Z ##[endgroup]
2025-09-15T14:52:09.4600620Z ##[group]Run chmod +x "$GITHUB_ACTION_PATH/setup.sh"
2025-09-15T14:52:09.4601070Z [36;1mchmod +x "$GITHUB_ACTION_PATH/setup.sh"[0m
2025-09-15T14:52:09.4636190Z shell: /bin/bash --noprofile --norc -e -o pipefail {0}
2025-09-15T14:52:09.4636460Z ##[endgroup]
2025-09-15T14:52:09.4962620Z ##[group]Run $GITHUB_ACTION_PATH/setup.sh -p \
2025-09-15T14:52:09.4963020Z [36;1m$GITHUB_ACTION_PATH/setup.sh -p \[0m
2025-09-15T14:52:09.4963220Z [36;1m  -n '3.24.0' \[0m
2025-09-15T14:52:09.4963380Z [36;1m  -f '' \[0m
2025-09-15T14:52:09.4963570Z [36;1m  -a 'ARM64' \[0m
2025-09-15T14:52:09.4963730Z [36;1m  -k '' \[0m
2025-09-15T14:52:09.4963870Z [36;1m  -c '' \[0m
2025-09-15T14:52:09.4964010Z [36;1m  -l '' \[0m
2025-09-15T14:52:09.4964150Z [36;1m  -d 'default' \[0m
2025-09-15T14:52:09.4964380Z [36;1m  -g 'https://github.com/flutter/flutter.git' \[0m
2025-09-15T14:52:09.4964600Z [36;1m  stable[0m
2025-09-15T14:52:09.4992770Z shell: /bin/bash --noprofile --norc -e -o pipefail {0}
2025-09-15T14:52:09.4993020Z ##[endgroup]
2025-09-15T14:52:09.6905060Z ##[group]Run $GITHUB_ACTION_PATH/setup.sh \
2025-09-15T14:52:09.6905350Z [36;1m$GITHUB_ACTION_PATH/setup.sh \[0m
2025-09-15T14:52:09.6905540Z [36;1m  -n '3.24.0' \[0m
2025-09-15T14:52:09.6905710Z [36;1m  -a 'arm64' \[0m
2025-09-15T14:52:09.6905950Z [36;1m  -c '/Users/runner/hostedtoolcache/flutter/stable-3.24.0-arm64' \[0m
2025-09-15T14:52:09.6906280Z [36;1m  -d '/Users/runner/.pub-cache' \[0m
2025-09-15T14:52:09.6906480Z [36;1m  stable[0m
2025-09-15T14:52:09.6934670Z shell: /bin/bash --noprofile --norc -e -o pipefail {0}
2025-09-15T14:52:09.6934920Z ##[endgroup]
2025-09-15T14:52:09.8615790Z   % Total    % Received % Xferd  Average Speed   Time    Time     Time  Current
2025-09-15T14:52:09.8616400Z                                  Dload  Upload   Total   Spent    Left  Speed
2025-09-15T14:52:09.8616590Z 
2025-09-15T14:52:10.4984360Z   0     0    0     0    0     0      0      0 --:--:-- --:--:-- --:--:--     0
2025-09-15T14:52:11.4992730Z   5 1067M    5 55.4M    0     0  87.1M      0  0:00:12 --:--:--  0:00:12 87.0M
2025-09-15T14:52:12.4997820Z  12 1067M   12  134M    0     0  82.0M      0  0:00:13  0:00:01  0:00:12 82.0M
2025-09-15T14:52:13.5000930Z  19 1067M   19  211M    0     0  80.1M      0  0:00:13  0:00:02  0:00:11 80.1M
2025-09-15T14:52:14.5003780Z  27 1067M   27  293M    0     0  80.7M      0  0:00:13  0:00:03  0:00:10 80.7M
2025-09-15T14:52:15.5025510Z  35 1067M   35  373M    0     0  80.6M      0  0:00:13  0:00:04  0:00:09 80.6M
2025-09-15T14:52:16.5012780Z  42 1067M   42  450M    0     0  79.9M      0  0:00:13  0:00:05  0:00:08 79.0M
2025-09-15T14:52:17.5021140Z  48 1067M   48  512M    0     0  77.2M      0  0:00:13  0:00:06  0:00:07 75.6M
2025-09-15T14:52:18.5045120Z  55 1067M   55  597M    0     0  78.1M      0  0:00:13  0:00:07  0:00:06 77.1M
2025-09-15T14:52:19.5032750Z  63 1067M   63  679M    0     0  78.6M      0  0:00:13  0:00:08  0:00:05 77.1M
2025-09-15T14:52:20.5037920Z  70 1067M   70  757M    0     0  78.5M      0  0:00:13  0:00:09  0:00:04 76.6M
2025-09-15T14:52:21.5046510Z  77 1067M   77  827M    0     0  77.8M      0  0:00:13  0:00:10  0:00:03 75.3M
2025-09-15T14:52:22.5055500Z  84 1067M   84  900M    0     0  77.3M      0  0:00:13  0:00:11  0:00:02 77.5M
2025-09-15T14:52:23.5072550Z  91 1067M   91  973M    0     0  77.0M      0  0:00:13  0:00:12  0:00:01 75.2M
2025-09-15T14:52:23.7721900Z  98 1067M   98 1048M    0     0  76.8M      0  0:00:13  0:00:13 --:--:-- 73.7M
2025-09-15T14:52:23.7722620Z 100 1067M  100 1067M    0     0  76.7M      0  0:00:13  0:00:13 --:--:-- 72.7M
