2025-09-15T14:28:15.1850950Z ##[group]Run subosito/flutter-action@v2
2025-09-15T14:28:15.1851220Z with:
2025-09-15T14:28:15.1851380Z   flutter-version: 3.24.0
2025-09-15T14:28:15.1851660Z   channel: stable
2025-09-15T14:28:15.1851810Z   architecture: ARM64
2025-09-15T14:28:15.1851970Z   cache: false
2025-09-15T14:28:15.1852100Z   pub-cache-path: default
2025-09-15T14:28:15.1852240Z   dry-run: false
2025-09-15T14:28:15.1852450Z   git-source: https://github.com/flutter/flutter.git
2025-09-15T14:28:15.1852680Z ##[endgroup]
2025-09-15T14:28:15.1931110Z ##[group]Run chmod +x "$GITHUB_ACTION_PATH/setup.sh"
2025-09-15T14:28:15.1931410Z [36;1mchmod +x "$GITHUB_ACTION_PATH/setup.sh"[0m
2025-09-15T14:28:15.1973690Z shell: /bin/bash --noprofile --norc -e -o pipefail {0}
2025-09-15T14:28:15.1973990Z ##[endgroup]
2025-09-15T14:28:15.2427040Z ##[group]Run $GITHUB_ACTION_PATH/setup.sh -p \
2025-09-15T14:28:15.2427520Z [36;1m$GITHUB_ACTION_PATH/setup.sh -p \[0m
2025-09-15T14:28:15.2427720Z [36;1m  -n '3.24.0' \[0m
2025-09-15T14:28:15.2427880Z [36;1m  -f '' \[0m
2025-09-15T14:28:15.2428060Z [36;1m  -a 'ARM64' \[0m
2025-09-15T14:28:15.2428200Z [36;1m  -k '' \[0m
2025-09-15T14:28:15.2428330Z [36;1m  -c '' \[0m
2025-09-15T14:28:15.2428480Z [36;1m  -l '' \[0m
2025-09-15T14:28:15.2428630Z [36;1m  -d 'default' \[0m
2025-09-15T14:28:15.2428840Z [36;1m  -g 'https://github.com/flutter/flutter.git' \[0m
2025-09-15T14:28:15.2429070Z [36;1m  stable[0m
2025-09-15T14:28:15.2461120Z shell: /bin/bash --noprofile --norc -e -o pipefail {0}
2025-09-15T14:28:15.2461410Z ##[endgroup]
2025-09-15T14:28:15.5190380Z ##[group]Run $GITHUB_ACTION_PATH/setup.sh \
2025-09-15T14:28:15.5190720Z [36;1m$GITHUB_ACTION_PATH/setup.sh \[0m
2025-09-15T14:28:15.5190930Z [36;1m  -n '3.24.0' \[0m
2025-09-15T14:28:15.5191090Z [36;1m  -a 'arm64' \[0m
2025-09-15T14:28:15.5191340Z [36;1m  -c '/Users/runner/hostedtoolcache/flutter/stable-3.24.0-arm64' \[0m
2025-09-15T14:28:15.5191740Z [36;1m  -d '/Users/runner/.pub-cache' \[0m
2025-09-15T14:28:15.5191940Z [36;1m  stable[0m
2025-09-15T14:28:15.5221830Z shell: /bin/bash --noprofile --norc -e -o pipefail {0}
2025-09-15T14:28:15.5222070Z ##[endgroup]
2025-09-15T14:28:15.8005990Z   % Total    % Received % Xferd  Average Speed   Time    Time     Time  Current
2025-09-15T14:28:15.8006470Z                                  Dload  Upload   Total   Spent    Left  Speed
2025-09-15T14:28:15.8006650Z 
2025-09-15T14:28:16.5381940Z   0     0    0     0    0     0      0      0 --:--:-- --:--:-- --:--:--     0
2025-09-15T14:28:17.5494890Z   5 1067M    5 62.2M    0     0  84.9M      0  0:00:12 --:--:--  0:00:12 84.8M
2025-09-15T14:28:18.5318150Z  12 1067M   12  136M    0     0  79.1M      0  0:00:13  0:00:01  0:00:12 79.0M
2025-09-15T14:28:19.5332770Z  20 1067M   20  218M    0     0  79.9M      0  0:00:13  0:00:02  0:00:11 79.9M
2025-09-15T14:28:20.5321100Z  28 1067M   28  302M    0     0  80.9M      0  0:00:13  0:00:03  0:00:10 80.9M
2025-09-15T14:28:21.5323970Z  35 1067M   35  374M    0     0  79.1M      0  0:00:13  0:00:04  0:00:09 79.1M
2025-09-15T14:28:22.5322480Z  42 1067M   42  456M    0     0  79.6M      0  0:00:13  0:00:05  0:00:08 78.8M
2025-09-15T14:28:23.5328250Z  50 1067M   50  540M    0     0  80.3M      0  0:00:13  0:00:06  0:00:07 80.7M
2025-09-15T14:28:24.5326270Z  58 1067M   58  623M    0     0  80.6M      0  0:00:13  0:00:07  0:00:06 80.9M
2025-09-15T14:28:25.5367320Z  66 1067M   66  707M    0     0  80.9M      0  0:00:13  0:00:08  0:00:05 81.0M
2025-09-15T14:28:26.5317480Z  73 1067M   73  780M    0     0  80.2M      0  0:00:13  0:00:09  0:00:04 81.2M
2025-09-15T14:28:27.5438580Z  79 1067M   79  851M    0     0  79.3M      0  0:00:13  0:00:10  0:00:03 79.0M
2025-09-15T14:28:28.5324210Z  86 1067M   86  923M    0     0  78.6M      0  0:00:13  0:00:11  0:00:02 76.5M
2025-09-15T14:28:29.5351200Z  93 1067M   93  995M    0     0  78.1M      0  0:00:13  0:00:12  0:00:01 74.3M
2025-09-15T14:28:29.5358160Z  99 1067M   99 1067M    0     0  77.7M      0  0:00:13  0:00:13 --:--:-- 71.9M
2025-09-15T14:28:29.5358620Z 100 1067M  100 1067M    0     0  77.7M      0  0:00:13  0:00:13 --:--:-- 71.6M
